SQL> 
SQL> DROP TABLE ENROLMENT;

Error starting at line : 5 in command -
DROP TABLE ENROLMENT
Error report -
ORA-00942: table or view does not exist
00942. 00000 -  "table or view does not exist"
*Cause:    
*Action:
SQL> DROP TABLE STUDENT;

Error starting at line : 6 in command -
DROP TABLE STUDENT
Error report -
ORA-00942: table or view does not exist
00942. 00000 -  "table or view does not exist"
*Cause:    
*Action:
SQL> DROP TABLE UNIT;

Error starting at line : 7 in command -
DROP TABLE UNIT
Error report -
ORA-00942: table or view does not exist
00942. 00000 -  "table or view does not exist"
*Cause:    
*Action:
SQL> 
SQL> /*
SQL>Databases Week 7 Tutorial Sample Solution
SQL>week7_schema_alter.sql
SQL>
SQL>Author:
SQL>--student id: 30600022
SQL>--student name: Enoch Leow
SQL>*/
SQL> 
SQL> -- 7.1
SQL> -- DDL for Student-Unit-Enrolment model (using ALTER TABLE)
SQL> --
SQL> 
SQL> --
SQL> -- Place DROP commands at head of schema file
SQL> --
SQL> 
SQL> 
SQL> 
SQL> -- Create Tables
SQL> -- Here using both table and column constraints
SQL> --
SQL> 
SQL> CREATE TABLE student (
  2      stu_nbr     NUMBER(8) NOT NULL,
  3      stu_lname   VARCHAR2(50) NOT NULL,
  4      stu_fname   VARCHAR2(50) NOT NULL,
  5      stu_dob     DATE NOT NULL
  6  );

Table STUDENT created.

SQL> 
SQL> COMMENT ON COLUMN student.stu_nbr IS
  2      'Student number';

Comment created.

SQL> 
SQL> COMMENT ON COLUMN student.stu_lname IS
  2      'Student last name';

Comment created.

SQL> 
SQL> COMMENT ON COLUMN student.stu_fname IS
  2      'Student first name';

Comment created.

SQL> 
SQL> COMMENT ON COLUMN student.stu_dob IS
  2      'Student date of birth';

Comment created.

SQL> 
SQL> /* Add STUDENT constraints here */
SQL> 
SQL> ALTER TABLE STUDENT 
  2      ADD
  3      ( CONSTRAINT pk_student PRIMARY KEY (stu_nbr) );

Table STUDENT altered.

SQL> 
SQL> /* Add UNIT data types here */
SQL> CREATE TABLE unit (
  2      unit_code   CHAR(7) NOT NULL,
  3      unit_name   VARCHAR2(50) NOT NULL
  4  );

Table UNIT created.

SQL> 
SQL> COMMENT ON COLUMN unit.unit_code IS
  2      'Unit code';

Comment created.

SQL> 
SQL> COMMENT ON COLUMN unit.unit_name IS
  2      'Unit name';

Comment created.

SQL> 
SQL> /* Add UNIT constraints here */
SQL> 
SQL> ALTER TABLE UNIT 
  2      ADD
  3      ( CONSTRAINT pk_unit PRIMARY KEY (unit_code) );

Table UNIT altered.

SQL> 
SQL> /* Add EMROLMENT attributes and data types here */
SQL> CREATE TABLE enrolment (
  2      enrol_year NUMBER(4) NOT NULL,
  3      enrol_semester CHAR(1) NOT NULL,
  4      enrol_mark NUMBER(3),
  5      enrol_grade CHAR(2),
  6      stu_nbr NUMBER (8) NOT NULL,
  7      unit_code CHAR(7) NOT NULL
  8  );

Table ENROLMENT created.

SQL> 
SQL> COMMENT ON COLUMN enrolment.stu_nbr IS
  2      'Student number';

Comment created.

SQL> 
SQL> COMMENT ON COLUMN enrolment.unit_code IS
  2      'Unit code';

Comment created.

SQL> 
SQL> COMMENT ON COLUMN enrolment.enrol_year IS
  2      'Enrolment year';

Comment created.

SQL> 
SQL> COMMENT ON COLUMN enrolment.enrol_semester IS
  2      'Enrolment semester';

Comment created.

SQL> 
SQL> COMMENT ON COLUMN enrolment.enrol_mark IS
  2      'Enrolment mark (real)';

Comment created.

SQL> 
SQL> COMMENT ON COLUMN enrolment.enrol_grade IS
  2      'Enrolment grade (letter)';

Comment created.

SQL> 
SQL> /* Add ENROLMENT constraints here */
SQL> 
SQL> ALTER TABLE ENROLMENT 
  2      ADD
  3          ( CONSTRAINT fk_student_number FOREIGN KEY (stu_nbr) REFERENCES STUDENT (stu_nbr),
  4           CONSTRAINT fk_unit_code FOREIGN KEY (unit_code) REFERENCES UNIT (unit_code));

Table ENROLMENT altered.

SQL> 
SQL> 
SQL> SPOOL OFF
